  Determining projects to restore...
  Nothing to do. None of the projects specified contain packages to restore.
C:\Dev\Enlisted\Enlisted\src\Mod.Core\Logging\SessionDiagnostics.cs(7,7): warning CS0105: The using directive for 'TaleWorlds.SaveSystem' appeared previously in this namespace [C:\Dev\Enlisted\Enlisted\Enlisted.csproj]
C:\Dev\Enlisted\Enlisted\src\Mod.GameAdapters\Patches\CompanionCaptainBlockPatch.cs(123,83): warning CS0618: 'RetinueManager.LanceTier' is obsolete: 'Use CommanderTier1 instead. Retinue now starts at T7.' [C:\Dev\Enlisted\Enlisted\Enlisted.csproj]
C:\Dev\Enlisted\Enlisted\src\Features\Combat\Behaviors\EnlistedFormationAssignmentBehavior.cs(190,79): warning CS0618: 'RetinueManager.LanceTier' is obsolete: 'Use CommanderTier1 instead. Retinue now starts at T7.' [C:\Dev\Enlisted\Enlisted\Enlisted.csproj]
C:\Dev\Enlisted\Enlisted\src\Mod.GameAdapters\Patches\CompanionCaptainBlockPatch.cs(52,83): warning CS0618: 'RetinueManager.LanceTier' is obsolete: 'Use CommanderTier1 instead. Retinue now starts at T7.' [C:\Dev\Enlisted\Enlisted\Enlisted.csproj]
C:\Dev\Enlisted\Enlisted\src\Features\Combat\Behaviors\EnlistedFormationAssignmentBehavior.cs(456,49): warning CS0618: 'RetinueManager.LanceTier' is obsolete: 'Use CommanderTier1 instead. Retinue now starts at T7.' [C:\Dev\Enlisted\Enlisted\Enlisted.csproj]
C:\Dev\Enlisted\Enlisted\src\Features\Combat\Behaviors\EnlistedFormationAssignmentBehavior.cs(743,64): warning CS0618: 'RetinueManager.LanceTier' is obsolete: 'Use CommanderTier1 instead. Retinue now starts at T7.' [C:\Dev\Enlisted\Enlisted\Enlisted.csproj]
C:\Dev\Enlisted\Enlisted\src\Features\CommandTent\Core\ServiceRecordManager.cs(500,32): warning CS0618: 'RetinueManager.LanceTier' is obsolete: 'Use CommanderTier1 instead. Retinue now starts at T7.' [C:\Dev\Enlisted\Enlisted\Enlisted.csproj]
C:\Dev\Enlisted\Enlisted\src\Features\Combat\Behaviors\EnlistedFormationAssignmentBehavior.cs(1009,49): warning CS0618: 'RetinueManager.LanceTier' is obsolete: 'Use CommanderTier1 instead. Retinue now starts at T7.' [C:\Dev\Enlisted\Enlisted\Enlisted.csproj]
  Enlisted -> C:\Program Files (x86)\Steam\steamapps\common\Mount & Blade II Bannerlord\Modules\Enlisted\bin\Win64_Shipping_Client\Enlisted.dll

Build succeeded.

C:\Dev\Enlisted\Enlisted\src\Mod.Core\Logging\SessionDiagnostics.cs(7,7): warning CS0105: The using directive for 'TaleWorlds.SaveSystem' appeared previously in this namespace [C:\Dev\Enlisted\Enlisted\Enlisted.csproj]
C:\Dev\Enlisted\Enlisted\src\Mod.GameAdapters\Patches\CompanionCaptainBlockPatch.cs(123,83): warning CS0618: 'RetinueManager.LanceTier' is obsolete: 'Use CommanderTier1 instead. Retinue now starts at T7.' [C:\Dev\Enlisted\Enlisted\Enlisted.csproj]
C:\Dev\Enlisted\Enlisted\src\Features\Combat\Behaviors\EnlistedFormationAssignmentBehavior.cs(190,79): warning CS0618: 'RetinueManager.LanceTier' is obsolete: 'Use CommanderTier1 instead. Retinue now starts at T7.' [C:\Dev\Enlisted\Enlisted\Enlisted.csproj]
C:\Dev\Enlisted\Enlisted\src\Mod.GameAdapters\Patches\CompanionCaptainBlockPatch.cs(52,83): warning CS0618: 'RetinueManager.LanceTier' is obsolete: 'Use CommanderTier1 instead. Retinue now starts at T7.' [C:\Dev\Enlisted\Enlisted\Enlisted.csproj]
C:\Dev\Enlisted\Enlisted\src\Features\Combat\Behaviors\EnlistedFormationAssignmentBehavior.cs(456,49): warning CS0618: 'RetinueManager.LanceTier' is obsolete: 'Use CommanderTier1 instead. Retinue now starts at T7.' [C:\Dev\Enlisted\Enlisted\Enlisted.csproj]
C:\Dev\Enlisted\Enlisted\src\Features\Combat\Behaviors\EnlistedFormationAssignmentBehavior.cs(743,64): warning CS0618: 'RetinueManager.LanceTier' is obsolete: 'Use CommanderTier1 instead. Retinue now starts at T7.' [C:\Dev\Enlisted\Enlisted\Enlisted.csproj]
C:\Dev\Enlisted\Enlisted\src\Features\CommandTent\Core\ServiceRecordManager.cs(500,32): warning CS0618: 'RetinueManager.LanceTier' is obsolete: 'Use CommanderTier1 instead. Retinue now starts at T7.' [C:\Dev\Enlisted\Enlisted\Enlisted.csproj]
C:\Dev\Enlisted\Enlisted\src\Features\Combat\Behaviors\EnlistedFormationAssignmentBehavior.cs(1009,49): warning CS0618: 'RetinueManager.LanceTier' is obsolete: 'Use CommanderTier1 instead. Retinue now starts at T7.' [C:\Dev\Enlisted\Enlisted\Enlisted.csproj]
    8 Warning(s)
    0 Error(s)

Time Elapsed 00:00:00.91
