  Determining projects to restore...
  Nothing to do. None of the projects specified contain packages to restore.
C:\Dev\Enlisted\Enlisted\src\Mod.GameAdapters\Patches\DutiesOfficerRolePatches.cs(62,17): warning CS0162: Unreachable code detected [C:\Dev\Enlisted\Enlisted\Enlisted.csproj]
C:\Dev\Enlisted\Enlisted\src\Mod.GameAdapters\Patches\DutiesOfficerRolePatches.cs(113,17): warning CS0162: Unreachable code detected [C:\Dev\Enlisted\Enlisted\Enlisted.csproj]
C:\Dev\Enlisted\Enlisted\src\Mod.GameAdapters\Patches\DutiesOfficerRolePatches.cs(164,17): warning CS0162: Unreachable code detected [C:\Dev\Enlisted\Enlisted\Enlisted.csproj]
C:\Dev\Enlisted\Enlisted\src\Mod.GameAdapters\Patches\DutiesOfficerRolePatches.cs(210,17): warning CS0162: Unreachable code detected [C:\Dev\Enlisted\Enlisted\Enlisted.csproj]
C:\Dev\Enlisted\Enlisted\src\Features\Interface\News\Generation\Producers\LanceStatusFactProducer.cs(64,40): error CS1061: 'CampNewsContext' does not contain a definition for 'Schedule' and no accessible extension method 'Schedule' accepting a first argument of type 'CampNewsContext' could be found (are you missing a using directive or an assembly reference?) [C:\Dev\Enlisted\Enlisted\Enlisted.csproj]
C:\Dev\Enlisted\Enlisted\src\Features\Interface\News\Generation\Producers\LanceStatusFactProducer.cs(65,102): error CS0103: The name 'ScheduleBlockType' does not exist in the current context [C:\Dev\Enlisted\Enlisted\Enlisted.csproj]
C:\Dev\Enlisted\Enlisted\src\Features\Interface\News\Generation\Producers\CompanyMovementObjectiveProducer.cs(120,40): error CS0246: The type or namespace name 'LanceLifeEventTriggerEvaluator' could not be found (are you missing a using directive or an assembly reference?) [C:\Dev\Enlisted\Enlisted\Enlisted.csproj]
C:\Dev\Enlisted\Enlisted\src\Features\Ranks\Behaviors\PromotionBehavior.cs(150,27): error CS0104: 'ConfigurationManager' is an ambiguous reference between 'Enlisted.Mod.Core.Config.ConfigurationManager' and 'TaleWorlds.Library.ConfigurationManager' [C:\Dev\Enlisted\Enlisted\Enlisted.csproj]
C:\Dev\Enlisted\Enlisted\src\Features\Ranks\Behaviors\PromotionBehavior.cs(163,26): error CS0104: 'ConfigurationManager' is an ambiguous reference between 'Enlisted.Mod.Core.Config.ConfigurationManager' and 'TaleWorlds.Library.ConfigurationManager' [C:\Dev\Enlisted\Enlisted\Enlisted.csproj]
C:\Dev\Enlisted\Enlisted\src\Features\Ranks\Behaviors\PromotionBehavior.cs(233,27): error CS0104: 'ConfigurationManager' is an ambiguous reference between 'Enlisted.Mod.Core.Config.ConfigurationManager' and 'TaleWorlds.Library.ConfigurationManager' [C:\Dev\Enlisted\Enlisted\Enlisted.csproj]
C:\Dev\Enlisted\Enlisted\src\Features\Ranks\Behaviors\PromotionBehavior.cs(242,26): error CS0104: 'ConfigurationManager' is an ambiguous reference between 'Enlisted.Mod.Core.Config.ConfigurationManager' and 'TaleWorlds.Library.ConfigurationManager' [C:\Dev\Enlisted\Enlisted\Enlisted.csproj]
C:\Dev\Enlisted\Enlisted\src\Features\Conversations\Behaviors\EnlistedDialogManager.cs(1454,17): error CS0103: The name 'Lances' does not exist in the current context [C:\Dev\Enlisted\Enlisted\Enlisted.csproj]
C:\Dev\Enlisted\Enlisted\src\Features\Ranks\Behaviors\PromotionBehavior.cs(285,31): error CS0103: The name 'Assignments' does not exist in the current context [C:\Dev\Enlisted\Enlisted\Enlisted.csproj]
C:\Dev\Enlisted\Enlisted\src\Features\Camp\CampMenuHandler.cs(274,21): error CS0234: The type or namespace name 'UI' does not exist in the namespace 'Enlisted.Features.Camp' (are you missing an assembly reference?) [C:\Dev\Enlisted\Enlisted\Enlisted.csproj]
C:\Dev\Enlisted\Enlisted\src\Features\Conversations\Behaviors\EnlistedDialogManager.cs(1648,17): error CS0103: The name 'Lances' does not exist in the current context [C:\Dev\Enlisted\Enlisted\Enlisted.csproj]
C:\Dev\Enlisted\Enlisted\src\Features\Conversations\Behaviors\EnlistedDialogManager.cs(1782,17): error CS0103: The name 'Lances' does not exist in the current context [C:\Dev\Enlisted\Enlisted\Enlisted.csproj]
C:\Dev\Enlisted\Enlisted\src\Mod.GameAdapters\Patches\NavalMobilePartyVisualUpdateEntityPositionCrashGuardPatch.cs(85,21): error CS0103: The name 'LanceLifeEventScreen' does not exist in the current context [C:\Dev\Enlisted\Enlisted\Enlisted.csproj]
C:\Dev\Enlisted\Enlisted\src\Features\Conditions\EnlistedMedicalMenuBehavior.cs(330,26): error CS0234: The type or namespace name 'Assignments' does not exist in the namespace 'Enlisted.Features' (are you missing an assembly reference?) [C:\Dev\Enlisted\Enlisted\Enlisted.csproj]
C:\Dev\Enlisted\Enlisted\src\Features\Conditions\EnlistedMedicalMenuBehavior.cs(422,74): error CS0246: The type or namespace name 'PlayerConditionsConfig' could not be found (are you missing a using directive or an assembly reference?) [C:\Dev\Enlisted\Enlisted\Enlisted.csproj]
C:\Dev\Enlisted\Enlisted\src\Features\Conditions\EnlistedMedicalMenuBehavior.cs(475,74): error CS0246: The type or namespace name 'PlayerConditionsConfig' could not be found (are you missing a using directive or an assembly reference?) [C:\Dev\Enlisted\Enlisted\Enlisted.csproj]
C:\Dev\Enlisted\Enlisted\src\Features\Combat\Behaviors\EnlistedFormationAssignmentBehavior.cs(748,30): error CS0103: The name 'EnlistedDutiesBehavior' does not exist in the current context [C:\Dev\Enlisted\Enlisted\Enlisted.csproj]
C:\Dev\Enlisted\Enlisted\src\Features\Interface\Behaviors\EnlistedNewsBehavior.cs(717,21): error CS0117: 'CampNewsContext' does not contain a definition for 'Schedule' [C:\Dev\Enlisted\Enlisted\Enlisted.csproj]
C:\Dev\Enlisted\Enlisted\src\Features\Interface\Behaviors\EnlistedNewsBehavior.cs(717,32): error CS0103: The name 'ScheduleBehavior' does not exist in the current context [C:\Dev\Enlisted\Enlisted\Enlisted.csproj]
C:\Dev\Enlisted\Enlisted\src\Features\Interface\Behaviors\EnlistedNewsBehavior.cs(810,44): error CS0103: The name 'DecisionEventBehavior' does not exist in the current context [C:\Dev\Enlisted\Enlisted\Enlisted.csproj]
C:\Dev\Enlisted\Enlisted\src\Features\Interface\Behaviors\EnlistedNewsBehavior.cs(818,40): error CS0103: The name 'LanceLifeEventText' does not exist in the current context [C:\Dev\Enlisted\Enlisted\Enlisted.csproj]
C:\Dev\Enlisted\Enlisted\src\Features\Conditions\PlayerConditionBehavior.cs(346,96): error CS0234: The type or namespace name 'Assignments' does not exist in the namespace 'Enlisted.Features' (are you missing an assembly reference?) [C:\Dev\Enlisted\Enlisted\Enlisted.csproj]
C:\Dev\Enlisted\Enlisted\src\Features\Camp\CampMenuHandler.cs(1318,42): error CS0234: The type or namespace name 'Assignments' does not exist in the namespace 'Enlisted.Features' (are you missing an assembly reference?) [C:\Dev\Enlisted\Enlisted\Enlisted.csproj]
C:\Dev\Enlisted\Enlisted\src\Features\Interface\Behaviors\EnlistedMenuBehavior.cs(1536,86): error CS0103: The name 'duties' does not exist in the current context [C:\Dev\Enlisted\Enlisted\Enlisted.csproj]
C:\Dev\Enlisted\Enlisted\src\Features\Conversations\Behaviors\EnlistedDialogManager.cs(3011,29): error CS0103: The name 'Lances' does not exist in the current context [C:\Dev\Enlisted\Enlisted\Enlisted.csproj]
C:\Dev\Enlisted\Enlisted\src\Features\Equipment\Behaviors\QuartermasterManager.cs(1876,74): error CS0023: Operator '?' cannot be applied to operand of type '<null>' [C:\Dev\Enlisted\Enlisted\Enlisted.csproj]
C:\Dev\Enlisted\Enlisted\src\Features\Enlistment\Behaviors\EnlistmentBehavior.cs(2703,38): error CS1061: 'object' does not contain a definition for 'Id' and no accessible extension method 'Id' accepting a first argument of type 'object' could be found (are you missing a using directive or an assembly reference?) [C:\Dev\Enlisted\Enlisted\Enlisted.csproj]
C:\Dev\Enlisted\Enlisted\src\Features\Enlistment\Behaviors\EnlistmentBehavior.cs(2704,40): error CS1061: 'object' does not contain a definition for 'Name' and no accessible extension method 'Name' accepting a first argument of type 'object' could be found (are you missing a using directive or an assembly reference?) [C:\Dev\Enlisted\Enlisted\Enlisted.csproj]
C:\Dev\Enlisted\Enlisted\src\Features\Enlistment\Behaviors\EnlistmentBehavior.cs(2705,41): error CS1061: 'object' does not contain a definition for 'StyleId' and no accessible extension method 'StyleId' accepting a first argument of type 'object' could be found (are you missing a using directive or an assembly reference?) [C:\Dev\Enlisted\Enlisted\Enlisted.csproj]
C:\Dev\Enlisted\Enlisted\src\Features\Enlistment\Behaviors\EnlistmentBehavior.cs(2706,43): error CS1061: 'object' does not contain a definition for 'StoryId' and no accessible extension method 'StoryId' accepting a first argument of type 'object' could be found (are you missing a using directive or an assembly reference?) [C:\Dev\Enlisted\Enlisted\Enlisted.csproj]
C:\Dev\Enlisted\Enlisted\src\Features\Enlistment\Behaviors\EnlistmentBehavior.cs(2731,17): warning CS0162: Unreachable code detected [C:\Dev\Enlisted\Enlisted\Enlisted.csproj]
C:\Dev\Enlisted\Enlisted\src\Features\Interface\Behaviors\EnlistedMenuBehavior.cs(1856,20): error CS0103: The name 'Assignments' does not exist in the current context [C:\Dev\Enlisted\Enlisted\Enlisted.csproj]
C:\Dev\Enlisted\Enlisted\src\Features\Interface\Behaviors\EnlistedMenuBehavior.cs(2021,26): error CS0103: The name 'EnlistedDutiesBehavior' does not exist in the current context [C:\Dev\Enlisted\Enlisted\Enlisted.csproj]
C:\Dev\Enlisted\Enlisted\src\Features\Interface\Behaviors\EnlistedMenuBehavior.cs(3552,47): error CS1061: 'object' does not contain a definition for 'Id' and no accessible extension method 'Id' accepting a first argument of type 'object' could be found (are you missing a using directive or an assembly reference?) [C:\Dev\Enlisted\Enlisted\Enlisted.csproj]
C:\Dev\Enlisted\Enlisted\src\Features\Interface\Behaviors\EnlistedMenuBehavior.cs(3553,67): error CS1061: 'object' does not contain a definition for 'TitleFallback' and no accessible extension method 'TitleFallback' accepting a first argument of type 'object' could be found (are you missing a using directive or an assembly reference?) [C:\Dev\Enlisted\Enlisted\Enlisted.csproj]
C:\Dev\Enlisted\Enlisted\src\Features\Interface\Behaviors\EnlistedMenuBehavior.cs(3553,88): error CS1061: 'object' does not contain a definition for 'TitleFallback' and no accessible extension method 'TitleFallback' accepting a first argument of type 'object' could be found (are you missing a using directive or an assembly reference?) [C:\Dev\Enlisted\Enlisted\Enlisted.csproj]
C:\Dev\Enlisted\Enlisted\src\Features\Interface\Behaviors\EnlistedMenuBehavior.cs(3553,108): error CS1061: 'object' does not contain a definition for 'Id' and no accessible extension method 'Id' accepting a first argument of type 'object' could be found (are you missing a using directive or an assembly reference?) [C:\Dev\Enlisted\Enlisted\Enlisted.csproj]
C:\Dev\Enlisted\Enlisted\src\Features\Interface\Behaviors\EnlistedMenuBehavior.cs(3565,73): error CS1061: 'object' does not contain a definition for 'Id' and no accessible extension method 'Id' accepting a first argument of type 'object' could be found (are you missing a using directive or an assembly reference?) [C:\Dev\Enlisted\Enlisted\Enlisted.csproj]
C:\Dev\Enlisted\Enlisted\src\Features\Interface\Behaviors\EnlistedMenuBehavior.cs(3565,50): error CS1061: 'object' does not contain a definition for 'FirePlayerDecision' and no accessible extension method 'FirePlayerDecision' accepting a first argument of type 'object' could be found (are you missing a using directive or an assembly reference?) [C:\Dev\Enlisted\Enlisted\Enlisted.csproj]
C:\Dev\Enlisted\Enlisted\src\Features\Interface\Behaviors\EnlistedMenuBehavior.cs(3587,25): warning CS8321: The local function 'HasWoundedInCamp' is declared but never used [C:\Dev\Enlisted\Enlisted\Enlisted.csproj]
C:\Dev\Enlisted\Enlisted\src\Features\Interface\Behaviors\EnlistedMenuBehavior.cs(3627,61): error CS1061: 'object' does not contain a definition for 'SetupFallback' and no accessible extension method 'SetupFallback' accepting a first argument of type 'object' could be found (are you missing a using directive or an assembly reference?) [C:\Dev\Enlisted\Enlisted\Enlisted.csproj]
C:\Dev\Enlisted\Enlisted\src\Features\Interface\Behaviors\EnlistedMenuBehavior.cs(3628,28): error CS1061: 'object' does not contain a definition for 'SetupFallback' and no accessible extension method 'SetupFallback' accepting a first argument of type 'object' could be found (are you missing a using directive or an assembly reference?) [C:\Dev\Enlisted\Enlisted\Enlisted.csproj]
C:\Dev\Enlisted\Enlisted\src\Features\Interface\Behaviors\EnlistedMenuBehavior.cs(3639,40): error CS1061: 'object' does not contain a definition for 'Options' and no accessible extension method 'Options' accepting a first argument of type 'object' could be found (are you missing a using directive or an assembly reference?) [C:\Dev\Enlisted\Enlisted\Enlisted.csproj]
C:\Dev\Enlisted\Enlisted\src\Features\Enlistment\Behaviors\EnlistmentBehavior.cs(5452,38): error CS0103: The name 'EnlistedDutiesBehavior' does not exist in the current context [C:\Dev\Enlisted\Enlisted\Enlisted.csproj]
C:\Dev\Enlisted\Enlisted\src\Features\Enlistment\Behaviors\EnlistmentBehavior.cs(5707,50): error CS1061: 'object' does not contain a definition for 'Name' and no accessible extension method 'Name' accepting a first argument of type 'object' could be found (are you missing a using directive or an assembly reference?) [C:\Dev\Enlisted\Enlisted\Enlisted.csproj]
C:\Dev\Enlisted\Enlisted\src\Features\Enlistment\Behaviors\EnlistmentBehavior.cs(5708,51): error CS1061: 'object' does not contain a definition for 'StyleId' and no accessible extension method 'StyleId' accepting a first argument of type 'object' could be found (are you missing a using directive or an assembly reference?) [C:\Dev\Enlisted\Enlisted\Enlisted.csproj]
C:\Dev\Enlisted\Enlisted\src\Features\Enlistment\Behaviors\EnlistmentBehavior.cs(5709,53): error CS1061: 'object' does not contain a definition for 'StoryId' and no accessible extension method 'StoryId' accepting a first argument of type 'object' could be found (are you missing a using directive or an assembly reference?) [C:\Dev\Enlisted\Enlisted\Enlisted.csproj]
C:\Dev\Enlisted\Enlisted\src\Features\Enlistment\Behaviors\EnlistmentBehavior.cs(7312,24): error CS0104: 'ConfigurationManager' is an ambiguous reference between 'Enlisted.Mod.Core.Config.ConfigurationManager' and 'TaleWorlds.Library.ConfigurationManager' [C:\Dev\Enlisted\Enlisted\Enlisted.csproj]
C:\Dev\Enlisted\Enlisted\src\Features\Enlistment\Behaviors\EnlistmentBehavior.cs(7540,79): error CS1061: 'RetirementConfig' does not contain a definition for 'CooldownDays' and no accessible extension method 'CooldownDays' accepting a first argument of type 'RetirementConfig' could be found (are you missing a using directive or an assembly reference?) [C:\Dev\Enlisted\Enlisted\Enlisted.csproj]
C:\Dev\Enlisted\Enlisted\src\Features\Enlistment\Behaviors\EnlistmentBehavior.cs(7543,95): error CS1061: 'RetirementConfig' does not contain a definition for 'FirstTermGold' and no accessible extension method 'FirstTermGold' accepting a first argument of type 'RetirementConfig' could be found (are you missing a using directive or an assembly reference?) [C:\Dev\Enlisted\Enlisted\Enlisted.csproj]
C:\Dev\Enlisted\Enlisted\src\Features\Enlistment\Behaviors\EnlistmentBehavior.cs(7544,64): error CS1061: 'RetirementConfig' does not contain a definition for 'FirstTermGold' and no accessible extension method 'FirstTermGold' accepting a first argument of type 'RetirementConfig' could be found (are you missing a using directive or an assembly reference?) [C:\Dev\Enlisted\Enlisted\Enlisted.csproj]
C:\Dev\Enlisted\Enlisted\src\Features\Enlistment\Behaviors\EnlistmentBehavior.cs(7559,52): error CS1061: 'RetirementConfig' does not contain a definition for 'FirstTermGold' and no accessible extension method 'FirstTermGold' accepting a first argument of type 'RetirementConfig' could be found (are you missing a using directive or an assembly reference?) [C:\Dev\Enlisted\Enlisted\Enlisted.csproj]
C:\Dev\Enlisted\Enlisted\src\Features\Enlistment\Behaviors\EnlistmentBehavior.cs(7565,60): error CS1061: 'RetirementConfig' does not contain a definition for 'FirstTermGold' and no accessible extension method 'FirstTermGold' accepting a first argument of type 'RetirementConfig' could be found (are you missing a using directive or an assembly reference?) [C:\Dev\Enlisted\Enlisted\Enlisted.csproj]
C:\Dev\Enlisted\Enlisted\src\Features\Enlistment\Behaviors\EnlistmentBehavior.cs(7592,79): error CS1061: 'RetirementConfig' does not contain a definition for 'CooldownDays' and no accessible extension method 'CooldownDays' accepting a first argument of type 'RetirementConfig' could be found (are you missing a using directive or an assembly reference?) [C:\Dev\Enlisted\Enlisted\Enlisted.csproj]
C:\Dev\Enlisted\Enlisted\src\Features\Enlistment\Behaviors\EnlistmentBehavior.cs(7595,95): error CS1061: 'RetirementConfig' does not contain a definition for 'RenewalDischargeGold' and no accessible extension method 'RenewalDischargeGold' accepting a first argument of type 'RetirementConfig' could be found (are you missing a using directive or an assembly reference?) [C:\Dev\Enlisted\Enlisted\Enlisted.csproj]
C:\Dev\Enlisted\Enlisted\src\Features\Enlistment\Behaviors\EnlistmentBehavior.cs(7597,63): error CS1061: 'RetirementConfig' does not contain a definition for 'RenewalDischargeGold' and no accessible extension method 'RenewalDischargeGold' accepting a first argument of type 'RetirementConfig' could be found (are you missing a using directive or an assembly reference?) [C:\Dev\Enlisted\Enlisted\Enlisted.csproj]
C:\Dev\Enlisted\Enlisted\src\Features\Enlistment\Behaviors\EnlistmentBehavior.cs(7605,52): error CS1061: 'RetirementConfig' does not contain a definition for 'RenewalDischargeGold' and no accessible extension method 'RenewalDischargeGold' accepting a first argument of type 'RetirementConfig' could be found (are you missing a using directive or an assembly reference?) [C:\Dev\Enlisted\Enlisted\Enlisted.csproj]
C:\Dev\Enlisted\Enlisted\src\Features\Enlistment\Behaviors\EnlistmentBehavior.cs(7608,52): error CS1061: 'RetirementConfig' does not contain a definition for 'CooldownDays' and no accessible extension method 'CooldownDays' accepting a first argument of type 'RetirementConfig' could be found (are you missing a using directive or an assembly reference?) [C:\Dev\Enlisted\Enlisted\Enlisted.csproj]
C:\Dev\Enlisted\Enlisted\src\Features\Enlistment\Behaviors\EnlistmentBehavior.cs(7612,51): error CS1061: 'RetirementConfig' does not contain a definition for 'RenewalDischargeGold' and no accessible extension method 'RenewalDischargeGold' accepting a first argument of type 'RetirementConfig' could be found (are you missing a using directive or an assembly reference?) [C:\Dev\Enlisted\Enlisted\Enlisted.csproj]
C:\Dev\Enlisted\Enlisted\src\Features\Enlistment\Behaviors\EnlistmentBehavior.cs(7612,92): error CS1061: 'RetirementConfig' does not contain a definition for 'CooldownDays' and no accessible extension method 'CooldownDays' accepting a first argument of type 'RetirementConfig' could be found (are you missing a using directive or an assembly reference?) [C:\Dev\Enlisted\Enlisted\Enlisted.csproj]
C:\Dev\Enlisted\Enlisted\src\Features\Enlistment\Behaviors\EnlistmentBehavior.cs(7764,84): error CS1061: 'RetirementConfig' does not contain a definition for 'LordRelationBonus' and no accessible extension method 'LordRelationBonus' accepting a first argument of type 'RetirementConfig' could be found (are you missing a using directive or an assembly reference?) [C:\Dev\Enlisted\Enlisted\Enlisted.csproj]
C:\Dev\Enlisted\Enlisted\src\Features\Enlistment\Behaviors\EnlistmentBehavior.cs(7765,61): error CS1061: 'RetirementConfig' does not contain a definition for 'LordRelationBonus' and no accessible extension method 'LordRelationBonus' accepting a first argument of type 'RetirementConfig' could be found (are you missing a using directive or an assembly reference?) [C:\Dev\Enlisted\Enlisted\Enlisted.csproj]
C:\Dev\Enlisted\Enlisted\src\Features\Enlistment\Behaviors\EnlistmentBehavior.cs(7772,85): error CS1061: 'RetirementConfig' does not contain a definition for 'FactionReputationBonus' and no accessible extension method 'FactionReputationBonus' accepting a first argument of type 'RetirementConfig' could be found (are you missing a using directive or an assembly reference?) [C:\Dev\Enlisted\Enlisted\Enlisted.csproj]
C:\Dev\Enlisted\Enlisted\src\Features\Enlistment\Behaviors\EnlistmentBehavior.cs(7774,36): error CS1061: 'RetirementConfig' does not contain a definition for 'FactionReputationBonus' and no accessible extension method 'FactionReputationBonus' accepting a first argument of type 'RetirementConfig' could be found (are you missing a using directive or an assembly reference?) [C:\Dev\Enlisted\Enlisted\Enlisted.csproj]
C:\Dev\Enlisted\Enlisted\src\Features\Enlistment\Behaviors\EnlistmentBehavior.cs(7796,58): error CS1061: 'RetirementConfig' does not contain a definition for 'OtherLordsMinRelation' and no accessible extension method 'OtherLordsMinRelation' accepting a first argument of type 'RetirementConfig' could be found (are you missing a using directive or an assembly reference?) [C:\Dev\Enlisted\Enlisted\Enlisted.csproj]
C:\Dev\Enlisted\Enlisted\src\Features\Enlistment\Behaviors\EnlistmentBehavior.cs(7798,87): error CS1061: 'RetirementConfig' does not contain a definition for 'OtherLordsRelationBonus' and no accessible extension method 'OtherLordsRelationBonus' accepting a first argument of type 'RetirementConfig' could be found (are you missing a using directive or an assembly reference?) [C:\Dev\Enlisted\Enlisted\Enlisted.csproj]
C:\Dev\Enlisted\Enlisted\src\Features\Enlistment\Behaviors\EnlistmentBehavior.cs(7801,48): error CS1061: 'RetirementConfig' does not contain a definition for 'OtherLordsRelationBonus' and no accessible extension method 'OtherLordsRelationBonus' accepting a first argument of type 'RetirementConfig' could be found (are you missing a using directive or an assembly reference?) [C:\Dev\Enlisted\Enlisted\Enlisted.csproj]
C:\Dev\Enlisted\Enlisted\src\Features\Enlistment\Behaviors\EnlistmentBehavior.cs(7817,54): error CS1061: 'RetirementConfig' does not contain a definition for 'OtherLordsMinRelation' and no accessible extension method 'OtherLordsMinRelation' accepting a first argument of type 'RetirementConfig' could be found (are you missing a using directive or an assembly reference?) [C:\Dev\Enlisted\Enlisted\Enlisted.csproj]
C:\Dev\Enlisted\Enlisted\src\Features\Enlistment\Behaviors\EnlistmentBehavior.cs(7819,83): error CS1061: 'RetirementConfig' does not contain a definition for 'OtherLordsRelationBonus' and no accessible extension method 'OtherLordsRelationBonus' accepting a first argument of type 'RetirementConfig' could be found (are you missing a using directive or an assembly reference?) [C:\Dev\Enlisted\Enlisted\Enlisted.csproj]
C:\Dev\Enlisted\Enlisted\src\Features\Enlistment\Behaviors\EnlistmentBehavior.cs(7821,44): error CS1061: 'RetirementConfig' does not contain a definition for 'OtherLordsRelationBonus' and no accessible extension method 'OtherLordsRelationBonus' accepting a first argument of type 'RetirementConfig' could be found (are you missing a using directive or an assembly reference?) [C:\Dev\Enlisted\Enlisted\Enlisted.csproj]
C:\Dev\Enlisted\Enlisted\src\Features\Enlistment\Behaviors\EnlistmentBehavior.cs(8425,26): error CS0234: The type or namespace name 'Assignments' does not exist in the namespace 'Enlisted.Features' (are you missing an assembly reference?) [C:\Dev\Enlisted\Enlisted\Enlisted.csproj]
C:\Dev\Enlisted\Enlisted\src\Features\Enlistment\Behaviors\EnlistmentBehavior.cs(8504,32): error CS0234: The type or namespace name 'Assignments' does not exist in the namespace 'Enlisted.Features' (are you missing an assembly reference?) [C:\Dev\Enlisted\Enlisted\Enlisted.csproj]
C:\Dev\Enlisted\Enlisted\src\Features\Enlistment\Behaviors\EnlistmentBehavior.cs(9521,20): error CS0234: The type or namespace name 'Assignments' does not exist in the namespace 'Enlisted.Features' (are you missing an assembly reference?) [C:\Dev\Enlisted\Enlisted\Enlisted.csproj]
C:\Dev\Enlisted\Enlisted\src\Features\Enlistment\Behaviors\EnlistmentBehavior.cs(11510,41): error CS0103: The name 'Lances' does not exist in the current context [C:\Dev\Enlisted\Enlisted\Enlisted.csproj]

Build FAILED.

C:\Dev\Enlisted\Enlisted\src\Mod.GameAdapters\Patches\DutiesOfficerRolePatches.cs(62,17): warning CS0162: Unreachable code detected [C:\Dev\Enlisted\Enlisted\Enlisted.csproj]
C:\Dev\Enlisted\Enlisted\src\Mod.GameAdapters\Patches\DutiesOfficerRolePatches.cs(113,17): warning CS0162: Unreachable code detected [C:\Dev\Enlisted\Enlisted\Enlisted.csproj]
C:\Dev\Enlisted\Enlisted\src\Mod.GameAdapters\Patches\DutiesOfficerRolePatches.cs(164,17): warning CS0162: Unreachable code detected [C:\Dev\Enlisted\Enlisted\Enlisted.csproj]
C:\Dev\Enlisted\Enlisted\src\Mod.GameAdapters\Patches\DutiesOfficerRolePatches.cs(210,17): warning CS0162: Unreachable code detected [C:\Dev\Enlisted\Enlisted\Enlisted.csproj]
C:\Dev\Enlisted\Enlisted\src\Features\Enlistment\Behaviors\EnlistmentBehavior.cs(2731,17): warning CS0162: Unreachable code detected [C:\Dev\Enlisted\Enlisted\Enlisted.csproj]
C:\Dev\Enlisted\Enlisted\src\Features\Interface\Behaviors\EnlistedMenuBehavior.cs(3587,25): warning CS8321: The local function 'HasWoundedInCamp' is declared but never used [C:\Dev\Enlisted\Enlisted\Enlisted.csproj]
C:\Dev\Enlisted\Enlisted\src\Features\Interface\News\Generation\Producers\LanceStatusFactProducer.cs(64,40): error CS1061: 'CampNewsContext' does not contain a definition for 'Schedule' and no accessible extension method 'Schedule' accepting a first argument of type 'CampNewsContext' could be found (are you missing a using directive or an assembly reference?) [C:\Dev\Enlisted\Enlisted\Enlisted.csproj]
C:\Dev\Enlisted\Enlisted\src\Features\Interface\News\Generation\Producers\LanceStatusFactProducer.cs(65,102): error CS0103: The name 'ScheduleBlockType' does not exist in the current context [C:\Dev\Enlisted\Enlisted\Enlisted.csproj]
C:\Dev\Enlisted\Enlisted\src\Features\Interface\News\Generation\Producers\CompanyMovementObjectiveProducer.cs(120,40): error CS0246: The type or namespace name 'LanceLifeEventTriggerEvaluator' could not be found (are you missing a using directive or an assembly reference?) [C:\Dev\Enlisted\Enlisted\Enlisted.csproj]
C:\Dev\Enlisted\Enlisted\src\Features\Ranks\Behaviors\PromotionBehavior.cs(150,27): error CS0104: 'ConfigurationManager' is an ambiguous reference between 'Enlisted.Mod.Core.Config.ConfigurationManager' and 'TaleWorlds.Library.ConfigurationManager' [C:\Dev\Enlisted\Enlisted\Enlisted.csproj]
C:\Dev\Enlisted\Enlisted\src\Features\Ranks\Behaviors\PromotionBehavior.cs(163,26): error CS0104: 'ConfigurationManager' is an ambiguous reference between 'Enlisted.Mod.Core.Config.ConfigurationManager' and 'TaleWorlds.Library.ConfigurationManager' [C:\Dev\Enlisted\Enlisted\Enlisted.csproj]
C:\Dev\Enlisted\Enlisted\src\Features\Ranks\Behaviors\PromotionBehavior.cs(233,27): error CS0104: 'ConfigurationManager' is an ambiguous reference between 'Enlisted.Mod.Core.Config.ConfigurationManager' and 'TaleWorlds.Library.ConfigurationManager' [C:\Dev\Enlisted\Enlisted\Enlisted.csproj]
C:\Dev\Enlisted\Enlisted\src\Features\Ranks\Behaviors\PromotionBehavior.cs(242,26): error CS0104: 'ConfigurationManager' is an ambiguous reference between 'Enlisted.Mod.Core.Config.ConfigurationManager' and 'TaleWorlds.Library.ConfigurationManager' [C:\Dev\Enlisted\Enlisted\Enlisted.csproj]
C:\Dev\Enlisted\Enlisted\src\Features\Conversations\Behaviors\EnlistedDialogManager.cs(1454,17): error CS0103: The name 'Lances' does not exist in the current context [C:\Dev\Enlisted\Enlisted\Enlisted.csproj]
C:\Dev\Enlisted\Enlisted\src\Features\Ranks\Behaviors\PromotionBehavior.cs(285,31): error CS0103: The name 'Assignments' does not exist in the current context [C:\Dev\Enlisted\Enlisted\Enlisted.csproj]
C:\Dev\Enlisted\Enlisted\src\Features\Camp\CampMenuHandler.cs(274,21): error CS0234: The type or namespace name 'UI' does not exist in the namespace 'Enlisted.Features.Camp' (are you missing an assembly reference?) [C:\Dev\Enlisted\Enlisted\Enlisted.csproj]
C:\Dev\Enlisted\Enlisted\src\Features\Conversations\Behaviors\EnlistedDialogManager.cs(1648,17): error CS0103: The name 'Lances' does not exist in the current context [C:\Dev\Enlisted\Enlisted\Enlisted.csproj]
C:\Dev\Enlisted\Enlisted\src\Features\Conversations\Behaviors\EnlistedDialogManager.cs(1782,17): error CS0103: The name 'Lances' does not exist in the current context [C:\Dev\Enlisted\Enlisted\Enlisted.csproj]
C:\Dev\Enlisted\Enlisted\src\Mod.GameAdapters\Patches\NavalMobilePartyVisualUpdateEntityPositionCrashGuardPatch.cs(85,21): error CS0103: The name 'LanceLifeEventScreen' does not exist in the current context [C:\Dev\Enlisted\Enlisted\Enlisted.csproj]
C:\Dev\Enlisted\Enlisted\src\Features\Conditions\EnlistedMedicalMenuBehavior.cs(330,26): error CS0234: The type or namespace name 'Assignments' does not exist in the namespace 'Enlisted.Features' (are you missing an assembly reference?) [C:\Dev\Enlisted\Enlisted\Enlisted.csproj]
C:\Dev\Enlisted\Enlisted\src\Features\Conditions\EnlistedMedicalMenuBehavior.cs(422,74): error CS0246: The type or namespace name 'PlayerConditionsConfig' could not be found (are you missing a using directive or an assembly reference?) [C:\Dev\Enlisted\Enlisted\Enlisted.csproj]
C:\Dev\Enlisted\Enlisted\src\Features\Conditions\EnlistedMedicalMenuBehavior.cs(475,74): error CS0246: The type or namespace name 'PlayerConditionsConfig' could not be found (are you missing a using directive or an assembly reference?) [C:\Dev\Enlisted\Enlisted\Enlisted.csproj]
C:\Dev\Enlisted\Enlisted\src\Features\Combat\Behaviors\EnlistedFormationAssignmentBehavior.cs(748,30): error CS0103: The name 'EnlistedDutiesBehavior' does not exist in the current context [C:\Dev\Enlisted\Enlisted\Enlisted.csproj]
C:\Dev\Enlisted\Enlisted\src\Features\Interface\Behaviors\EnlistedNewsBehavior.cs(717,21): error CS0117: 'CampNewsContext' does not contain a definition for 'Schedule' [C:\Dev\Enlisted\Enlisted\Enlisted.csproj]
C:\Dev\Enlisted\Enlisted\src\Features\Interface\Behaviors\EnlistedNewsBehavior.cs(717,32): error CS0103: The name 'ScheduleBehavior' does not exist in the current context [C:\Dev\Enlisted\Enlisted\Enlisted.csproj]
C:\Dev\Enlisted\Enlisted\src\Features\Interface\Behaviors\EnlistedNewsBehavior.cs(810,44): error CS0103: The name 'DecisionEventBehavior' does not exist in the current context [C:\Dev\Enlisted\Enlisted\Enlisted.csproj]
C:\Dev\Enlisted\Enlisted\src\Features\Interface\Behaviors\EnlistedNewsBehavior.cs(818,40): error CS0103: The name 'LanceLifeEventText' does not exist in the current context [C:\Dev\Enlisted\Enlisted\Enlisted.csproj]
C:\Dev\Enlisted\Enlisted\src\Features\Conditions\PlayerConditionBehavior.cs(346,96): error CS0234: The type or namespace name 'Assignments' does not exist in the namespace 'Enlisted.Features' (are you missing an assembly reference?) [C:\Dev\Enlisted\Enlisted\Enlisted.csproj]
C:\Dev\Enlisted\Enlisted\src\Features\Camp\CampMenuHandler.cs(1318,42): error CS0234: The type or namespace name 'Assignments' does not exist in the namespace 'Enlisted.Features' (are you missing an assembly reference?) [C:\Dev\Enlisted\Enlisted\Enlisted.csproj]
C:\Dev\Enlisted\Enlisted\src\Features\Interface\Behaviors\EnlistedMenuBehavior.cs(1536,86): error CS0103: The name 'duties' does not exist in the current context [C:\Dev\Enlisted\Enlisted\Enlisted.csproj]
C:\Dev\Enlisted\Enlisted\src\Features\Conversations\Behaviors\EnlistedDialogManager.cs(3011,29): error CS0103: The name 'Lances' does not exist in the current context [C:\Dev\Enlisted\Enlisted\Enlisted.csproj]
C:\Dev\Enlisted\Enlisted\src\Features\Equipment\Behaviors\QuartermasterManager.cs(1876,74): error CS0023: Operator '?' cannot be applied to operand of type '<null>' [C:\Dev\Enlisted\Enlisted\Enlisted.csproj]
C:\Dev\Enlisted\Enlisted\src\Features\Enlistment\Behaviors\EnlistmentBehavior.cs(2703,38): error CS1061: 'object' does not contain a definition for 'Id' and no accessible extension method 'Id' accepting a first argument of type 'object' could be found (are you missing a using directive or an assembly reference?) [C:\Dev\Enlisted\Enlisted\Enlisted.csproj]
C:\Dev\Enlisted\Enlisted\src\Features\Enlistment\Behaviors\EnlistmentBehavior.cs(2704,40): error CS1061: 'object' does not contain a definition for 'Name' and no accessible extension method 'Name' accepting a first argument of type 'object' could be found (are you missing a using directive or an assembly reference?) [C:\Dev\Enlisted\Enlisted\Enlisted.csproj]
C:\Dev\Enlisted\Enlisted\src\Features\Enlistment\Behaviors\EnlistmentBehavior.cs(2705,41): error CS1061: 'object' does not contain a definition for 'StyleId' and no accessible extension method 'StyleId' accepting a first argument of type 'object' could be found (are you missing a using directive or an assembly reference?) [C:\Dev\Enlisted\Enlisted\Enlisted.csproj]
C:\Dev\Enlisted\Enlisted\src\Features\Enlistment\Behaviors\EnlistmentBehavior.cs(2706,43): error CS1061: 'object' does not contain a definition for 'StoryId' and no accessible extension method 'StoryId' accepting a first argument of type 'object' could be found (are you missing a using directive or an assembly reference?) [C:\Dev\Enlisted\Enlisted\Enlisted.csproj]
C:\Dev\Enlisted\Enlisted\src\Features\Interface\Behaviors\EnlistedMenuBehavior.cs(1856,20): error CS0103: The name 'Assignments' does not exist in the current context [C:\Dev\Enlisted\Enlisted\Enlisted.csproj]
C:\Dev\Enlisted\Enlisted\src\Features\Interface\Behaviors\EnlistedMenuBehavior.cs(2021,26): error CS0103: The name 'EnlistedDutiesBehavior' does not exist in the current context [C:\Dev\Enlisted\Enlisted\Enlisted.csproj]
C:\Dev\Enlisted\Enlisted\src\Features\Interface\Behaviors\EnlistedMenuBehavior.cs(3552,47): error CS1061: 'object' does not contain a definition for 'Id' and no accessible extension method 'Id' accepting a first argument of type 'object' could be found (are you missing a using directive or an assembly reference?) [C:\Dev\Enlisted\Enlisted\Enlisted.csproj]
C:\Dev\Enlisted\Enlisted\src\Features\Interface\Behaviors\EnlistedMenuBehavior.cs(3553,67): error CS1061: 'object' does not contain a definition for 'TitleFallback' and no accessible extension method 'TitleFallback' accepting a first argument of type 'object' could be found (are you missing a using directive or an assembly reference?) [C:\Dev\Enlisted\Enlisted\Enlisted.csproj]
C:\Dev\Enlisted\Enlisted\src\Features\Interface\Behaviors\EnlistedMenuBehavior.cs(3553,88): error CS1061: 'object' does not contain a definition for 'TitleFallback' and no accessible extension method 'TitleFallback' accepting a first argument of type 'object' could be found (are you missing a using directive or an assembly reference?) [C:\Dev\Enlisted\Enlisted\Enlisted.csproj]
C:\Dev\Enlisted\Enlisted\src\Features\Interface\Behaviors\EnlistedMenuBehavior.cs(3553,108): error CS1061: 'object' does not contain a definition for 'Id' and no accessible extension method 'Id' accepting a first argument of type 'object' could be found (are you missing a using directive or an assembly reference?) [C:\Dev\Enlisted\Enlisted\Enlisted.csproj]
C:\Dev\Enlisted\Enlisted\src\Features\Interface\Behaviors\EnlistedMenuBehavior.cs(3565,73): error CS1061: 'object' does not contain a definition for 'Id' and no accessible extension method 'Id' accepting a first argument of type 'object' could be found (are you missing a using directive or an assembly reference?) [C:\Dev\Enlisted\Enlisted\Enlisted.csproj]
C:\Dev\Enlisted\Enlisted\src\Features\Interface\Behaviors\EnlistedMenuBehavior.cs(3565,50): error CS1061: 'object' does not contain a definition for 'FirePlayerDecision' and no accessible extension method 'FirePlayerDecision' accepting a first argument of type 'object' could be found (are you missing a using directive or an assembly reference?) [C:\Dev\Enlisted\Enlisted\Enlisted.csproj]
C:\Dev\Enlisted\Enlisted\src\Features\Interface\Behaviors\EnlistedMenuBehavior.cs(3627,61): error CS1061: 'object' does not contain a definition for 'SetupFallback' and no accessible extension method 'SetupFallback' accepting a first argument of type 'object' could be found (are you missing a using directive or an assembly reference?) [C:\Dev\Enlisted\Enlisted\Enlisted.csproj]
C:\Dev\Enlisted\Enlisted\src\Features\Interface\Behaviors\EnlistedMenuBehavior.cs(3628,28): error CS1061: 'object' does not contain a definition for 'SetupFallback' and no accessible extension method 'SetupFallback' accepting a first argument of type 'object' could be found (are you missing a using directive or an assembly reference?) [C:\Dev\Enlisted\Enlisted\Enlisted.csproj]
C:\Dev\Enlisted\Enlisted\src\Features\Interface\Behaviors\EnlistedMenuBehavior.cs(3639,40): error CS1061: 'object' does not contain a definition for 'Options' and no accessible extension method 'Options' accepting a first argument of type 'object' could be found (are you missing a using directive or an assembly reference?) [C:\Dev\Enlisted\Enlisted\Enlisted.csproj]
C:\Dev\Enlisted\Enlisted\src\Features\Enlistment\Behaviors\EnlistmentBehavior.cs(5452,38): error CS0103: The name 'EnlistedDutiesBehavior' does not exist in the current context [C:\Dev\Enlisted\Enlisted\Enlisted.csproj]
C:\Dev\Enlisted\Enlisted\src\Features\Enlistment\Behaviors\EnlistmentBehavior.cs(5707,50): error CS1061: 'object' does not contain a definition for 'Name' and no accessible extension method 'Name' accepting a first argument of type 'object' could be found (are you missing a using directive or an assembly reference?) [C:\Dev\Enlisted\Enlisted\Enlisted.csproj]
C:\Dev\Enlisted\Enlisted\src\Features\Enlistment\Behaviors\EnlistmentBehavior.cs(5708,51): error CS1061: 'object' does not contain a definition for 'StyleId' and no accessible extension method 'StyleId' accepting a first argument of type 'object' could be found (are you missing a using directive or an assembly reference?) [C:\Dev\Enlisted\Enlisted\Enlisted.csproj]
C:\Dev\Enlisted\Enlisted\src\Features\Enlistment\Behaviors\EnlistmentBehavior.cs(5709,53): error CS1061: 'object' does not contain a definition for 'StoryId' and no accessible extension method 'StoryId' accepting a first argument of type 'object' could be found (are you missing a using directive or an assembly reference?) [C:\Dev\Enlisted\Enlisted\Enlisted.csproj]
C:\Dev\Enlisted\Enlisted\src\Features\Enlistment\Behaviors\EnlistmentBehavior.cs(7312,24): error CS0104: 'ConfigurationManager' is an ambiguous reference between 'Enlisted.Mod.Core.Config.ConfigurationManager' and 'TaleWorlds.Library.ConfigurationManager' [C:\Dev\Enlisted\Enlisted\Enlisted.csproj]
C:\Dev\Enlisted\Enlisted\src\Features\Enlistment\Behaviors\EnlistmentBehavior.cs(7540,79): error CS1061: 'RetirementConfig' does not contain a definition for 'CooldownDays' and no accessible extension method 'CooldownDays' accepting a first argument of type 'RetirementConfig' could be found (are you missing a using directive or an assembly reference?) [C:\Dev\Enlisted\Enlisted\Enlisted.csproj]
C:\Dev\Enlisted\Enlisted\src\Features\Enlistment\Behaviors\EnlistmentBehavior.cs(7543,95): error CS1061: 'RetirementConfig' does not contain a definition for 'FirstTermGold' and no accessible extension method 'FirstTermGold' accepting a first argument of type 'RetirementConfig' could be found (are you missing a using directive or an assembly reference?) [C:\Dev\Enlisted\Enlisted\Enlisted.csproj]
C:\Dev\Enlisted\Enlisted\src\Features\Enlistment\Behaviors\EnlistmentBehavior.cs(7544,64): error CS1061: 'RetirementConfig' does not contain a definition for 'FirstTermGold' and no accessible extension method 'FirstTermGold' accepting a first argument of type 'RetirementConfig' could be found (are you missing a using directive or an assembly reference?) [C:\Dev\Enlisted\Enlisted\Enlisted.csproj]
C:\Dev\Enlisted\Enlisted\src\Features\Enlistment\Behaviors\EnlistmentBehavior.cs(7559,52): error CS1061: 'RetirementConfig' does not contain a definition for 'FirstTermGold' and no accessible extension method 'FirstTermGold' accepting a first argument of type 'RetirementConfig' could be found (are you missing a using directive or an assembly reference?) [C:\Dev\Enlisted\Enlisted\Enlisted.csproj]
C:\Dev\Enlisted\Enlisted\src\Features\Enlistment\Behaviors\EnlistmentBehavior.cs(7565,60): error CS1061: 'RetirementConfig' does not contain a definition for 'FirstTermGold' and no accessible extension method 'FirstTermGold' accepting a first argument of type 'RetirementConfig' could be found (are you missing a using directive or an assembly reference?) [C:\Dev\Enlisted\Enlisted\Enlisted.csproj]
C:\Dev\Enlisted\Enlisted\src\Features\Enlistment\Behaviors\EnlistmentBehavior.cs(7592,79): error CS1061: 'RetirementConfig' does not contain a definition for 'CooldownDays' and no accessible extension method 'CooldownDays' accepting a first argument of type 'RetirementConfig' could be found (are you missing a using directive or an assembly reference?) [C:\Dev\Enlisted\Enlisted\Enlisted.csproj]
C:\Dev\Enlisted\Enlisted\src\Features\Enlistment\Behaviors\EnlistmentBehavior.cs(7595,95): error CS1061: 'RetirementConfig' does not contain a definition for 'RenewalDischargeGold' and no accessible extension method 'RenewalDischargeGold' accepting a first argument of type 'RetirementConfig' could be found (are you missing a using directive or an assembly reference?) [C:\Dev\Enlisted\Enlisted\Enlisted.csproj]
C:\Dev\Enlisted\Enlisted\src\Features\Enlistment\Behaviors\EnlistmentBehavior.cs(7597,63): error CS1061: 'RetirementConfig' does not contain a definition for 'RenewalDischargeGold' and no accessible extension method 'RenewalDischargeGold' accepting a first argument of type 'RetirementConfig' could be found (are you missing a using directive or an assembly reference?) [C:\Dev\Enlisted\Enlisted\Enlisted.csproj]
C:\Dev\Enlisted\Enlisted\src\Features\Enlistment\Behaviors\EnlistmentBehavior.cs(7605,52): error CS1061: 'RetirementConfig' does not contain a definition for 'RenewalDischargeGold' and no accessible extension method 'RenewalDischargeGold' accepting a first argument of type 'RetirementConfig' could be found (are you missing a using directive or an assembly reference?) [C:\Dev\Enlisted\Enlisted\Enlisted.csproj]
C:\Dev\Enlisted\Enlisted\src\Features\Enlistment\Behaviors\EnlistmentBehavior.cs(7608,52): error CS1061: 'RetirementConfig' does not contain a definition for 'CooldownDays' and no accessible extension method 'CooldownDays' accepting a first argument of type 'RetirementConfig' could be found (are you missing a using directive or an assembly reference?) [C:\Dev\Enlisted\Enlisted\Enlisted.csproj]
C:\Dev\Enlisted\Enlisted\src\Features\Enlistment\Behaviors\EnlistmentBehavior.cs(7612,51): error CS1061: 'RetirementConfig' does not contain a definition for 'RenewalDischargeGold' and no accessible extension method 'RenewalDischargeGold' accepting a first argument of type 'RetirementConfig' could be found (are you missing a using directive or an assembly reference?) [C:\Dev\Enlisted\Enlisted\Enlisted.csproj]
C:\Dev\Enlisted\Enlisted\src\Features\Enlistment\Behaviors\EnlistmentBehavior.cs(7612,92): error CS1061: 'RetirementConfig' does not contain a definition for 'CooldownDays' and no accessible extension method 'CooldownDays' accepting a first argument of type 'RetirementConfig' could be found (are you missing a using directive or an assembly reference?) [C:\Dev\Enlisted\Enlisted\Enlisted.csproj]
C:\Dev\Enlisted\Enlisted\src\Features\Enlistment\Behaviors\EnlistmentBehavior.cs(7764,84): error CS1061: 'RetirementConfig' does not contain a definition for 'LordRelationBonus' and no accessible extension method 'LordRelationBonus' accepting a first argument of type 'RetirementConfig' could be found (are you missing a using directive or an assembly reference?) [C:\Dev\Enlisted\Enlisted\Enlisted.csproj]
C:\Dev\Enlisted\Enlisted\src\Features\Enlistment\Behaviors\EnlistmentBehavior.cs(7765,61): error CS1061: 'RetirementConfig' does not contain a definition for 'LordRelationBonus' and no accessible extension method 'LordRelationBonus' accepting a first argument of type 'RetirementConfig' could be found (are you missing a using directive or an assembly reference?) [C:\Dev\Enlisted\Enlisted\Enlisted.csproj]
C:\Dev\Enlisted\Enlisted\src\Features\Enlistment\Behaviors\EnlistmentBehavior.cs(7772,85): error CS1061: 'RetirementConfig' does not contain a definition for 'FactionReputationBonus' and no accessible extension method 'FactionReputationBonus' accepting a first argument of type 'RetirementConfig' could be found (are you missing a using directive or an assembly reference?) [C:\Dev\Enlisted\Enlisted\Enlisted.csproj]
C:\Dev\Enlisted\Enlisted\src\Features\Enlistment\Behaviors\EnlistmentBehavior.cs(7774,36): error CS1061: 'RetirementConfig' does not contain a definition for 'FactionReputationBonus' and no accessible extension method 'FactionReputationBonus' accepting a first argument of type 'RetirementConfig' could be found (are you missing a using directive or an assembly reference?) [C:\Dev\Enlisted\Enlisted\Enlisted.csproj]
C:\Dev\Enlisted\Enlisted\src\Features\Enlistment\Behaviors\EnlistmentBehavior.cs(7796,58): error CS1061: 'RetirementConfig' does not contain a definition for 'OtherLordsMinRelation' and no accessible extension method 'OtherLordsMinRelation' accepting a first argument of type 'RetirementConfig' could be found (are you missing a using directive or an assembly reference?) [C:\Dev\Enlisted\Enlisted\Enlisted.csproj]
C:\Dev\Enlisted\Enlisted\src\Features\Enlistment\Behaviors\EnlistmentBehavior.cs(7798,87): error CS1061: 'RetirementConfig' does not contain a definition for 'OtherLordsRelationBonus' and no accessible extension method 'OtherLordsRelationBonus' accepting a first argument of type 'RetirementConfig' could be found (are you missing a using directive or an assembly reference?) [C:\Dev\Enlisted\Enlisted\Enlisted.csproj]
C:\Dev\Enlisted\Enlisted\src\Features\Enlistment\Behaviors\EnlistmentBehavior.cs(7801,48): error CS1061: 'RetirementConfig' does not contain a definition for 'OtherLordsRelationBonus' and no accessible extension method 'OtherLordsRelationBonus' accepting a first argument of type 'RetirementConfig' could be found (are you missing a using directive or an assembly reference?) [C:\Dev\Enlisted\Enlisted\Enlisted.csproj]
C:\Dev\Enlisted\Enlisted\src\Features\Enlistment\Behaviors\EnlistmentBehavior.cs(7817,54): error CS1061: 'RetirementConfig' does not contain a definition for 'OtherLordsMinRelation' and no accessible extension method 'OtherLordsMinRelation' accepting a first argument of type 'RetirementConfig' could be found (are you missing a using directive or an assembly reference?) [C:\Dev\Enlisted\Enlisted\Enlisted.csproj]
C:\Dev\Enlisted\Enlisted\src\Features\Enlistment\Behaviors\EnlistmentBehavior.cs(7819,83): error CS1061: 'RetirementConfig' does not contain a definition for 'OtherLordsRelationBonus' and no accessible extension method 'OtherLordsRelationBonus' accepting a first argument of type 'RetirementConfig' could be found (are you missing a using directive or an assembly reference?) [C:\Dev\Enlisted\Enlisted\Enlisted.csproj]
C:\Dev\Enlisted\Enlisted\src\Features\Enlistment\Behaviors\EnlistmentBehavior.cs(7821,44): error CS1061: 'RetirementConfig' does not contain a definition for 'OtherLordsRelationBonus' and no accessible extension method 'OtherLordsRelationBonus' accepting a first argument of type 'RetirementConfig' could be found (are you missing a using directive or an assembly reference?) [C:\Dev\Enlisted\Enlisted\Enlisted.csproj]
C:\Dev\Enlisted\Enlisted\src\Features\Enlistment\Behaviors\EnlistmentBehavior.cs(8425,26): error CS0234: The type or namespace name 'Assignments' does not exist in the namespace 'Enlisted.Features' (are you missing an assembly reference?) [C:\Dev\Enlisted\Enlisted\Enlisted.csproj]
C:\Dev\Enlisted\Enlisted\src\Features\Enlistment\Behaviors\EnlistmentBehavior.cs(8504,32): error CS0234: The type or namespace name 'Assignments' does not exist in the namespace 'Enlisted.Features' (are you missing an assembly reference?) [C:\Dev\Enlisted\Enlisted\Enlisted.csproj]
C:\Dev\Enlisted\Enlisted\src\Features\Enlistment\Behaviors\EnlistmentBehavior.cs(9521,20): error CS0234: The type or namespace name 'Assignments' does not exist in the namespace 'Enlisted.Features' (are you missing an assembly reference?) [C:\Dev\Enlisted\Enlisted\Enlisted.csproj]
C:\Dev\Enlisted\Enlisted\src\Features\Enlistment\Behaviors\EnlistmentBehavior.cs(11510,41): error CS0103: The name 'Lances' does not exist in the current context [C:\Dev\Enlisted\Enlisted\Enlisted.csproj]
    6 Warning(s)
    72 Error(s)

Time Elapsed 00:00:01.01
